[blog---shikegusaba.webnode.jp/index.html]
[backblue.gif]
[fade.gif]
[index.html]
[d1di2lzuh97fh2.cloudfront.net/files/04/04p/04pi85cb9e.css]
[d1di2lzuh97fh2.cloudfront.net/files/12/12c/12ce00cb9e.css]
[d1di2lzuh97fh2.cloudfront.net/files/08/083/083hylcb9e.css]
[d1di2lzuh97fh2.cloudfront.net/files/0e/0e8/0e8clmcb9e.css]
[d1di2lzuh97fh2.cloudfront.net/files/2c/2cx/2cxz9ucb9e.css]
[d1di2lzuh97fh2.cloudfront.net/files/22/223/2232ifcb9e.css]
[d1di2lzuh97fh2.cloudfront.net/files/1s/1s9/1s97mgcb9e.css]
[d1di2lzuh97fh2.cloudfront.net/files/0u/0uc/0ucwogcb9e.css]
[d1di2lzuh97fh2.cloudfront.net/client/js.polyfill/container-query-polyfill.modern.js]
[d1di2lzuh97fh2.cloudfront.net/files/0d/0ds/0dscwucb9e.css]
[d1di2lzuh97fh2.cloudfront.net/files/0s/0s8/0s8gu2cb9e.png]
[d1di2lzuh97fh2.cloudfront.net/files/2r/2rm/2rm9upcb9e.css]
[f7fb088ffd.cbaul-cdnwnd.com/e026ebf2661955849dea64bd01459694/200000002-792cd792ce/2023-04-23_14h40_47cb9e.png]
[f7fb088ffd.cbaul-cdnwnd.com/e026ebf2661955849dea64bd01459694/200000004-9ed889ed8a/無題 2023-12-28 14-05-12cb9e.jpg]
[d1di2lzuh97fh2.cloudfront.net/files/3j/3jq/3jq78rcb9e.js]
[d1di2lzuh97fh2.cloudfront.net/client.fe/js.compiled/lang.ja.1284cb9e.js]
[blog---shikegusaba.webnode.jp/index.html]
[d1di2lzuh97fh2.cloudfront.net/files/04/04p/04pi85cb9e.css]
[d1di2lzuh97fh2.cloudfront.net/files/12/12c/12ce00cb9e.css]
[d1di2lzuh97fh2.cloudfront.net/files/3p/3pq/3pq60x.png]
[d1di2lzuh97fh2.cloudfront.net/files/08/083/083hylcb9e.css]
[d1di2lzuh97fh2.cloudfront.net/files/0e/0e8/0e8clmcb9e.css]
[d1di2lzuh97fh2.cloudfront.net/files/2c/2cx/2cxz9ucb9e.css]
[d1di2lzuh97fh2.cloudfront.net/files/22/223/2232ifcb9e.css]
[d1di2lzuh97fh2.cloudfront.net/files/1c/1co/1con6xcb9e.css]
[d1di2lzuh97fh2.cloudfront.net/files/1s/1s9/1s97mgcb9e.css]
[d1di2lzuh97fh2.cloudfront.net/files/0u/0uc/0ucwogcb9e.css]
[d1di2lzuh97fh2.cloudfront.net/files/0d/0ds/0dscwucb9e.css]
[d1di2lzuh97fh2.cloudfront.net/files/2r/2rm/2rm9upcb9e.css]
[d1di2lzuh97fh2.cloudfront.net/client.fe/js.compiled/compiled.multi.2-1624cb9e.js]
